// Jest Snapshot v1, https://goo.gl/fbAQLP

exports[`ShimmerEffect should be able match snapshot 1`] = `
.c0 {
  -webkit-animation: ePEqAU 1.2s ease-in-out infinite;
  animation: ePEqAU 1.2s ease-in-out infinite;
  background-image: linear-gradient( 90deg,rgba(0,0,0,0),#fff,rgba(0,0,0,0) );
  background-color: #b3b3b3;
  background-size: 20rem 100%;
  background-repeat: no-repeat;
  min-width: 3.2rem;
  height: 1.6rem;
  opacity: 0.1;
  width: 50%;
  border-radius: 0.5rem;
}

.c0 + span {
  margin-top: 8px;
}

<div>
  <span
    class="c0"
    data-testid="ShimmerEffect"
  />
  <div
    class="Toastify"
  />
</div>
`;
