// Jest Snapshot v1, https://goo.gl/fbAQLP

exports[`Modal should be able match snapshot 1`] = `
<div>
  <div
    class="Toastify"
  />
</div>
`;
