// Jest Snapshot v1, https://goo.gl/fbAQLP

exports[`Result should be able match snapshot 1`] = `
.c0 {
  display: -webkit-box;
  display: -webkit-flex;
  display: -ms-flexbox;
  display: flex;
  -webkit-flex-direction: column;
  -ms-flex-direction: column;
  flex-direction: column;
  -webkit-box-pack: center;
  -webkit-justify-content: center;
  -ms-flex-pack: center;
  justify-content: center;
  -webkit-align-items: center;
  -webkit-box-align: center;
  -ms-flex-align: center;
  align-items: center;
  text-align: center;
}

.c0 h1 {
  font-size: 3.2rem;
}

.c0 p {
  margin: 2rem 0 3.2rem;
  font-size: 1.6rem;
}

<div>
  <div
    class="c0"
  >
    <div
      style="width: 180px; height: 180px;"
    >
      <svg
        height="714"
        preserveAspectRatio="xMidYMid meet"
        style="width: 100%; height: 100%; transform: translate3d(0,0,0);"
        viewBox="0 0 796 714"
        width="796"
        xmlns="http://www.w3.org/2000/svg"
      >
        <defs>
          <clippath
            id="__lottie_element_2"
          >
            <rect
              height="714"
              width="796"
              x="0"
              y="0"
            />
          </clippath>
          <clippath
            id="__lottie_element_13"
          >
            <path
              d="M0,0 L3459,0 L3459,3837 L0,3837z"
            />
          </clippath>
        </defs>
        <g
          clip-path="url(#__lottie_element_2)"
        >
          <g
            clip-path="url(#__lottie_element_13)"
            opacity="1"
            style="display: block;"
            transform="matrix(1,0,0,1,-216,-106)"
          >
            <g
              opacity="0.5"
              style="display: block;"
              transform="matrix(1,0,0,1,1729.5,1918.5)"
            >
              <g
                opacity="1"
                transform="matrix(1.0003999471664429,0,0,0.9998999834060669,0,0)"
              >
                <path
                  d="M0 0"
                  fill="rgb(255,255,255)"
                  fill-opacity="1"
                />
                <path
                  d="M0 0"
                  fill-opacity="0"
                  stroke="rgb(150,218,252)"
                  stroke-linecap="round"
                  stroke-linejoin="miter"
                  stroke-miterlimit="4"
                  stroke-opacity="1"
                  stroke-width="92"
                />
              </g>
            </g>
            <g
              style="display: none;"
            >
              <g>
                <path />
                <path
                  fill-opacity="0"
                  stroke-linecap="round"
                  stroke-linejoin="miter"
                  stroke-miterlimit="4"
                />
              </g>
            </g>
            <g
              style="display: none;"
            >
              <g>
                <path />
                <path
                  fill-opacity="0"
                  stroke-linecap="round"
                  stroke-linejoin="miter"
                  stroke-miterlimit="4"
                />
              </g>
            </g>
            <g
              style="display: none;"
            >
              <g>
                <path />
                <path
                  fill-opacity="0"
                  stroke-linecap="round"
                  stroke-linejoin="miter"
                  stroke-miterlimit="4"
                />
              </g>
            </g>
            <g
              style="display: none;"
            >
              <g>
                <path
                  fill-opacity="0"
                  stroke-linecap="butt"
                  stroke-linejoin="miter"
                  stroke-miterlimit="4"
                />
              </g>
              <g>
                <path
                  fill-opacity="0"
                  stroke-linecap="butt"
                  stroke-linejoin="miter"
                  stroke-miterlimit="4"
                />
              </g>
              <g>
                <path
                  fill-opacity="0"
                  stroke-linecap="butt"
                  stroke-linejoin="miter"
                  stroke-miterlimit="4"
                />
              </g>
            </g>
            <g
              style="display: none;"
            >
              <g>
                <path
                  fill-opacity="0"
                  stroke-linecap="butt"
                  stroke-linejoin="miter"
                  stroke-miterlimit="4"
                />
              </g>
              <g>
                <path
                  fill-opacity="0"
                  stroke-linecap="butt"
                  stroke-linejoin="miter"
                  stroke-miterlimit="4"
                />
              </g>
            </g>
            <g
              style="display: none;"
            >
              <g>
                <path
                  fill-opacity="0"
                  stroke-linecap="butt"
                  stroke-linejoin="miter"
                  stroke-miterlimit="4"
                />
              </g>
              <g>
                <path
                  fill-opacity="0"
                  stroke-linecap="butt"
                  stroke-linejoin="miter"
                  stroke-miterlimit="4"
                />
              </g>
            </g>
            <g
              style="display: none;"
            >
              <g>
                <path
                  fill-opacity="0"
                  stroke-linecap="butt"
                  stroke-linejoin="miter"
                  stroke-miterlimit="4"
                />
              </g>
              <g>
                <path
                  fill-opacity="0"
                  stroke-linecap="butt"
                  stroke-linejoin="miter"
                  stroke-miterlimit="4"
                />
              </g>
            </g>
            <g
              style="display: none;"
            >
              <g>
                <path
                  fill-opacity="0"
                  stroke-linecap="butt"
                  stroke-linejoin="miter"
                  stroke-miterlimit="4"
                />
              </g>
              <g>
                <path
                  fill-opacity="0"
                  stroke-linecap="butt"
                  stroke-linejoin="miter"
                  stroke-miterlimit="4"
                />
              </g>
            </g>
          </g>
          <g
            style="display: none;"
          >
            <g>
              <path />
              <path
                fill-opacity="0"
                stroke-linecap="butt"
                stroke-linejoin="miter"
                stroke-miterlimit="4"
              />
            </g>
          </g>
          <g
            style="display: none;"
          >
            <g>
              <path />
              <path
                fill-opacity="0"
                stroke-linecap="butt"
                stroke-linejoin="miter"
                stroke-miterlimit="4"
              />
            </g>
          </g>
          <g
            style="display: none;"
          >
            <g>
              <path
                fill-opacity="0"
                stroke-linecap="butt"
                stroke-linejoin="miter"
                stroke-miterlimit="4"
              />
            </g>
          </g>
        </g>
      </svg>
    </div>
    <h1>
      Title
    </h1>
    <p>
      Description
    </p>
    <button>
      Click me
    </button>
  </div>
</div>
`;
