// Jest Snapshot v1, https://goo.gl/fbAQLP

exports[`NavItem should be able match snapshot 1`] = `
.c7 {
  -webkit-transition: 300ms;
  transition: 300ms;
  min-width: 4.2rem;
  min-height: 4.2rem;
  display: grid;
  place-items: center;
  border-radius: 0.5rem;
  position: relative;
  background: #ffffff;
}

.c7 svg {
  -webkit-transition: 300ms;
  transition: 300ms;
  color: #a1a7ae;
}

.c7 svg {
  color: #3a67e1;
}

.c5 {
  -webkit-transition: 300ms;
  transition: 300ms;
  cursor: pointer;
  display: -webkit-box;
  display: -webkit-flex;
  display: -ms-flexbox;
  display: flex;
  -webkit-align-items: center;
  -webkit-box-align: center;
  -ms-flex-align: center;
  align-items: center;
  -webkit-text-decoration: none;
  text-decoration: none;
  position: relative;
}

.c5:hover .c6 {
  background: #ffffff;
}

.c5:hover .c6 svg {
  color: #3a67e1;
}

.c2 {
  opacity: 0;
  visibility: hidden;
}

.c3 {
  position: absolute;
  color: #18171d;
  font-size: 1.2rem;
  font-weight: 500;
  background: #ffffff;
  padding: 1rem 1.6rem;
  border-radius: 0.5rem;
  white-space: nowrap;
  -webkit-transition: 300ms;
  transition: 300ms;
  border: 0.1rem solid #cfd7e3;
  text-align: center;
  z-index: 1;
  top: 50%;
  right: 0;
  -webkit-transform: translate(calc(100% + 1.6rem),-50%);
  -ms-transform: translate(calc(100% + 1.6rem),-50%);
  transform: translate(calc(100% + 1.6rem),-50%);
}

.c3::before {
  content: '';
  position: absolute;
  border-style: solid;
  border-width: 0.6rem;
  border-color: transparent;
}

.c4 {
  position: absolute;
  background: #ffffff;
  height: 1rem;
  width: 1rem;
  border: 0.1rem solid #cfd7e3;
  z-index: 1;
  top: 50%;
  left: calc(100% + 1.2rem);
  -webkit-transform: translateY(-50%) rotate(-45deg);
  -ms-transform: translateY(-50%) rotate(-45deg);
  transform: translateY(-50%) rotate(-45deg);
  border-bottom-color: transparent;
  border-right-color: transparent;
}

.c0 {
  position: relative;
}

.c0:hover .c1 {
  opacity: 1;
  visibility: visible;
}

<div>
  <li
    class="c0"
  >
    <div
      class="c1 c2"
    >
      <span
        class="c3"
      >
        Link
      </span>
      <div
        class="c4"
      />
    </div>
    <a
      aria-label="link"
      class="c5"
      href="/"
    >
      <div
        aria-label="link icon"
        class="c6 c7"
      >
        <svg
          fill="currentColor"
          height="24"
          stroke="currentColor"
          stroke-width="0"
          viewBox="0 0 1024 1024"
          width="24"
          xmlns="http://www.w3.org/2000/svg"
        >
          <path
            d="M924.8 385.6a446.7 446.7 0 0 0-96-142.4 446.7 446.7 0 0 0-142.4-96C631.1 123.8 572.5 112 512 112s-119.1 11.8-174.4 35.2a446.7 446.7 0 0 0-142.4 96 446.7 446.7 0 0 0-96 142.4C75.8 440.9 64 499.5 64 560c0 132.7 58.3 257.7 159.9 343.1l1.7 1.4c5.8 4.8 13.1 7.5 20.6 7.5h531.7c7.5 0 14.8-2.7 20.6-7.5l1.7-1.4C901.7 817.7 960 692.7 960 560c0-60.5-11.9-119.1-35.2-174.4zM761.4 836H262.6A371.12 371.12 0 0 1 140 560c0-99.4 38.7-192.8 109-263 70.3-70.3 163.7-109 263-109 99.4 0 192.8 38.7 263 109 70.3 70.3 109 163.7 109 263 0 105.6-44.5 205.5-122.6 276zM623.5 421.5a8.03 8.03 0 0 0-11.3 0L527.7 506c-18.7-5-39.4-.2-54.1 14.5a55.95 55.95 0 0 0 0 79.2 55.95 55.95 0 0 0 79.2 0 55.87 55.87 0 0 0 14.5-54.1l84.5-84.5c3.1-3.1 3.1-8.2 0-11.3l-28.3-28.3zM490 320h44c4.4 0 8-3.6 8-8v-80c0-4.4-3.6-8-8-8h-44c-4.4 0-8 3.6-8 8v80c0 4.4 3.6 8 8 8zm260 218v44c0 4.4 3.6 8 8 8h80c4.4 0 8-3.6 8-8v-44c0-4.4-3.6-8-8-8h-80c-4.4 0-8 3.6-8 8zm12.7-197.2l-31.1-31.1a8.03 8.03 0 0 0-11.3 0l-56.6 56.6a8.03 8.03 0 0 0 0 11.3l31.1 31.1c3.1 3.1 8.2 3.1 11.3 0l56.6-56.6c3.1-3.1 3.1-8.2 0-11.3zm-458.6-31.1a8.03 8.03 0 0 0-11.3 0l-31.1 31.1a8.03 8.03 0 0 0 0 11.3l56.6 56.6c3.1 3.1 8.2 3.1 11.3 0l31.1-31.1c3.1-3.1 3.1-8.2 0-11.3l-56.6-56.6zM262 530h-80c-4.4 0-8 3.6-8 8v44c0 4.4 3.6 8 8 8h80c4.4 0 8-3.6 8-8v-44c0-4.4-3.6-8-8-8z"
          />
        </svg>
      </div>
    </a>
  </li>
  <div
    class="Toastify"
  />
</div>
`;
