// Jest Snapshot v1, https://goo.gl/fbAQLP

exports[`CategoriesSelect should be able match snapshot 1`] = `
.c1 {
  border: 0;
  display: -webkit-box;
  display: -webkit-flex;
  display: -ms-flexbox;
  display: flex;
  -webkit-flex-direction: column;
  -ms-flex-direction: column;
  flex-direction: column;
  -webkit-align-items: flex-start;
  -webkit-box-align: flex-start;
  -ms-flex-align: flex-start;
  align-items: flex-start;
  position: relative;
}

.c1 label {
  font-size: 1.6rem;
  color: #a1a7ae;
  font-weight: 500;
  cursor: pointer;
}

.c2 {
  display: -webkit-box;
  display: -webkit-flex;
  display: -ms-flexbox;
  display: flex;
  -webkit-align-items: center;
  -webkit-box-align: center;
  -ms-flex-align: center;
  align-items: center;
  border: 0.1rem solid #a1a7ae;
  border-radius: 0.5rem;
  margin-top: 0.8rem;
  -webkit-transition: 300ms;
  transition: 300ms;
  width: 100%;
  background: #ffffff;
}

.c2 > svg,
.c2 .icon {
  margin-left: auto;
  margin-right: 2rem;
  color: #a1a7ae;
  -webkit-transition: 300ms;
  transition: 300ms;
}

.c2:hover {
  border: 0.1rem solid #3a67e1;
}

.c2:hover > svg,
.c2:hover .icon {
  color: #3a67e1;
}

.c2 input,
.c2 textarea {
  -webkit-flex: 1;
  -ms-flex: 1;
  flex: 1;
  border: 0;
  background: transparent;
  padding: 1.8rem 2rem;
  color: #18171d;
  font-size: 1.6rem;
  border-radius: 0.5rem;
}

.c2 input::-webkit-input-placeholder,
.c2 textarea::-webkit-input-placeholder {
  color: #a1a7ae;
}

.c2 input::-moz-placeholder,
.c2 textarea::-moz-placeholder {
  color: #a1a7ae;
}

.c2 input:-ms-input-placeholder,
.c2 textarea:-ms-input-placeholder {
  color: #a1a7ae;
}

.c2 input::placeholder,
.c2 textarea::placeholder {
  color: #a1a7ae;
}

.c2 textarea {
  resize: none;
  padding: 0 2rem;
  margin: 2.4rem 0;
}

.c0 {
  border: 0;
  position: relative;
}

.c3 {
  height: 5.65rem;
}

<div>
  <fieldset
    class="c0"
  >
    <div
      class="c1"
    >
      <label
        for="category"
      >
        Category
      </label>
      <div
        class="c2 c3"
      >
        <input
          aria-label="category"
          autocomplete="off"
          id="category"
          name="category"
          role="combobox"
          value=""
        />
        <svg
          fill="none"
          height="20"
          stroke="currentColor"
          stroke-linecap="round"
          stroke-linejoin="round"
          stroke-width="2"
          viewBox="0 0 24 24"
          width="20"
          xmlns="http://www.w3.org/2000/svg"
        >
          <polyline
            points="6 9 12 15 18 9"
          />
        </svg>
      </div>
    </div>
  </fieldset>
</div>
`;
