// Jest Snapshot v1, https://goo.gl/fbAQLP

exports[`Button should be able match snapshot 1`] = `
.c0 {
  border: 0;
  display: -webkit-box;
  display: -webkit-flex;
  display: -ms-flexbox;
  display: flex;
  -webkit-align-items: center;
  -webkit-box-align: center;
  -ms-flex-align: center;
  align-items: center;
  -webkit-box-pack: center;
  -webkit-justify-content: center;
  -ms-flex-pack: center;
  justify-content: center;
  color: #ffffff;
  border-radius: 0.5rem;
  font-weight: 500;
  font-size: 1.6rem;
  -webkit-transition: 300ms;
  transition: 300ms;
  border: 0.1rem solid transparent;
  width: 100%;
  padding: 1.2rem 3.2rem;
  background: #3a67e1;
}

.c0:hover {
  opacity: 0.9;
  box-shadow: 0 0 0 0.4rem #a4b7ea30;
}

.c0:disabled {
  cursor: no-drop;
  color: #a1a7ae;
  background: #f5f5f5;
  border-color: #cfd7e3;
}

.c0:disabled:hover {
  box-shadow: 0 0 0 0.4rem #a1a7ae20;
}

<div>
  <button
    class="c0"
    type="button"
  >
    Click me
  </button>
  <div
    class="Toastify"
  />
</div>
`;
