// Jest Snapshot v1, https://goo.gl/fbAQLP

exports[`Logo should be able match snapshot 1`] = `
.c0 {
  border-radius: 1rem;
  background: #3a67e1;
  height: 5.5rem;
  width: 5.5rem;
  display: grid;
  place-items: center;
}

<div>
  <div
    class="c0"
  >
    <svg
      color="#ffffff"
      fill="currentColor"
      height="28"
      stroke="currentColor"
      stroke-width="0"
      style="color: rgb(255, 255, 255);"
      viewBox="0 0 512 512"
      width="28"
      xmlns="http://www.w3.org/2000/svg"
    >
      <rect
        fill="none"
        height="256"
        rx="16"
        ry="16"
        stroke-linejoin="round"
        stroke-width="32"
        transform="rotate(180 256 208)"
        width="448"
        x="32"
        y="80"
      />
      <path
        d="M64 384h384M96 432h320"
        fill="none"
        stroke-linecap="round"
        stroke-linejoin="round"
        stroke-width="32"
      />
      <circle
        cx="256"
        cy="208"
        fill="none"
        r="80"
        stroke-linecap="round"
        stroke-linejoin="round"
        stroke-width="32"
      />
      <path
        d="M480 160a80 80 0 01-80-80M32 160a80 80 0 0080-80m368 176a80 80 0 00-80 80M32 256a80 80 0 0180 80"
        fill="none"
        stroke-linecap="round"
        stroke-linejoin="round"
        stroke-width="32"
      />
    </svg>
  </div>
</div>
`;
